// Vitest Snapshot v1, https://vitest.dev/guide/snapshot.html

exports[`App 组件 > 快照测试 > 应该匹配快照 1`] = `
<div>
  <h1>
    Phaser + React + TypeScript
  </h1>
</div>
`;
